header 1
Text1 Text1 Text1 Text1 Text1 Text1 Text1 Text1 Text1.
Text1 Text1 Text1 Text1 Text1 Text1 Text1 Text1 Text1.
header 2
Text2 Text2 Text2 Text2 Text2 Text2 Text2 Text2 Text2.
Text2 Text2 Text2 Text2 Text2 Text2 Text2 Text2 Text2.